#-----------------------------------------------------------
# Vivado v2025.2 (64-bit)
# SW Build 6299465 on Fri Nov 14 19:35:11 GMT 2025
# IP Build 6300035 on Fri Nov 14 10:48:45 MST 2025
# SharedData Build 6298862 on Thu Nov 13 04:50:51 MST 2025
# Start of session at: Sat Aug  1 20:25:42 2026
# Process ID         : 2992
# Current directory  : D:/Infineon_Work/systolic_array/systolic_array_accelerator/systolic_array_accelerator.runs/synth_1
# Command line       : vivado.exe -log gemm_top.vds -product Vivado -mode batch -messageDb vivado.pb -notrace -source gemm_top.tcl
# Log file           : D:/Infineon_Work/systolic_array/systolic_array_accelerator/systolic_array_accelerator.runs/synth_1/gemm_top.vds
# Journal file       : D:/Infineon_Work/systolic_array/systolic_array_accelerator/systolic_array_accelerator.runs/synth_1\vivado.jou
# Running On         : LAPTOP-O7BBMRCD
# Platform           : Windows Server 2016 or Windows 10
# Operating System   : 26200
# Processor Detail   : Intel(R) Core(TM) 7 240H
# CPU Frequency      : 2995 MHz
# CPU Physical cores : 10
# CPU Logical cores  : 16
# Host memory        : 25378 MB
# Swap memory        : 1946 MB
# Total Virtual      : 27324 MB
# Available Virtual  : 10182 MB
#-----------------------------------------------------------
source gemm_top.tcl -notrace
