INFO: [VRFC 10-2263] Analyzing Verilog file "D:/Infineon_Work/systolic_array/systolic_array_accelerator/systolic_array_accelerator.sim/sim_1/synth/timing/xsim/gemm_top_time_synth.v" into library xil_defaultlib
INFO: [VRFC 10-311] analyzing module controller
INFO: [VRFC 10-311] analyzing module gemm_top
INFO: [VRFC 10-311] analyzing module output_buffer
INFO: [VRFC 10-311] analyzing module pe
INFO: [VRFC 10-311] analyzing module pe_1
INFO: [VRFC 10-311] analyzing module pe_10
INFO: [VRFC 10-311] analyzing module pe_11
INFO: [VRFC 10-311] analyzing module pe_12
INFO: [VRFC 10-311] analyzing module pe_13
INFO: [VRFC 10-311] analyzing module pe_14
INFO: [VRFC 10-311] analyzing module pe_15
INFO: [VRFC 10-311] analyzing module pe_16
INFO: [VRFC 10-311] analyzing module pe_17
INFO: [VRFC 10-311] analyzing module pe_18
INFO: [VRFC 10-311] analyzing module pe_19
INFO: [VRFC 10-311] analyzing module pe_2
INFO: [VRFC 10-311] analyzing module pe_20
INFO: [VRFC 10-311] analyzing module pe_21
INFO: [VRFC 10-311] analyzing module pe_22
INFO: [VRFC 10-311] analyzing module pe_23
INFO: [VRFC 10-311] analyzing module pe_24
INFO: [VRFC 10-311] analyzing module pe_25
INFO: [VRFC 10-311] analyzing module pe_26
INFO: [VRFC 10-311] analyzing module pe_27
INFO: [VRFC 10-311] analyzing module pe_28
INFO: [VRFC 10-311] analyzing module pe_29
INFO: [VRFC 10-311] analyzing module pe_3
INFO: [VRFC 10-311] analyzing module pe_30
INFO: [VRFC 10-311] analyzing module pe_31
INFO: [VRFC 10-311] analyzing module pe_32
INFO: [VRFC 10-311] analyzing module pe_33
INFO: [VRFC 10-311] analyzing module pe_34
INFO: [VRFC 10-311] analyzing module pe_35
INFO: [VRFC 10-311] analyzing module pe_36
INFO: [VRFC 10-311] analyzing module pe_37
INFO: [VRFC 10-311] analyzing module pe_38
INFO: [VRFC 10-311] analyzing module pe_39
INFO: [VRFC 10-311] analyzing module pe_4
INFO: [VRFC 10-311] analyzing module pe_40
INFO: [VRFC 10-311] analyzing module pe_41
INFO: [VRFC 10-311] analyzing module pe_42
INFO: [VRFC 10-311] analyzing module pe_43
INFO: [VRFC 10-311] analyzing module pe_44
INFO: [VRFC 10-311] analyzing module pe_45
INFO: [VRFC 10-311] analyzing module pe_46
INFO: [VRFC 10-311] analyzing module pe_47
INFO: [VRFC 10-311] analyzing module pe_48
INFO: [VRFC 10-311] analyzing module pe_49
INFO: [VRFC 10-311] analyzing module pe_5
INFO: [VRFC 10-311] analyzing module pe_50
INFO: [VRFC 10-311] analyzing module pe_51
INFO: [VRFC 10-311] analyzing module pe_52
INFO: [VRFC 10-311] analyzing module pe_53
INFO: [VRFC 10-311] analyzing module pe_54
INFO: [VRFC 10-311] analyzing module pe_55
INFO: [VRFC 10-311] analyzing module pe_56
INFO: [VRFC 10-311] analyzing module pe_57
INFO: [VRFC 10-311] analyzing module pe_58
INFO: [VRFC 10-311] analyzing module pe_59
INFO: [VRFC 10-311] analyzing module pe_6
INFO: [VRFC 10-311] analyzing module pe_60
INFO: [VRFC 10-311] analyzing module pe_61
INFO: [VRFC 10-311] analyzing module pe_62
INFO: [VRFC 10-311] analyzing module pe_63
INFO: [VRFC 10-311] analyzing module pe_7
INFO: [VRFC 10-311] analyzing module pe_8
INFO: [VRFC 10-311] analyzing module pe_9
INFO: [VRFC 10-311] analyzing module skew_buffer
INFO: [VRFC 10-311] analyzing module skew_buffer_0
INFO: [VRFC 10-311] analyzing module systolic_array
INFO: [VRFC 10-311] analyzing module glbl
